
===== TIME AND ENVIRONMENT =====
2026-07-16T11:55:25+08:00
AMENT_PREFIX_PATH=/home/unitree/graph_pid_ws/install:/home/unitree/slam_config/cyclone_go2_B2_ws/install/rmw_cyclonedds_cpp:/opt/ros/humble
COLCON_PREFIX_PATH=/home/unitree/graph_pid_ws/install:/home/unitree/slam_config/cyclone_go2_B2_ws/install
CYCLONEDDS_URI=/home/unitree/slam_config/cyclone_go2_B2_ws/cyclonedds.xml
RMW_IMPLEMENTATION=rmw_cyclonedds_cpp
ROS2CLI_DISABLE_DAEMON=1
ROS_DISTRO=humble
ROS_DOMAIN_ID=0
ROS_LOCALHOST_ONLY=0
ROS_PYTHON_VERSION=3
ROS_VERSION=2

===== CLEAN UP AUDIT-CREATED ROS2 CLI DAEMON =====
70289 /usr/bin/python3 -c from ros2cli.daemon.daemonize import main; main() --name ros2-daemon --ros-domain-id 0 --rmw-implementation rmw_cyclonedds_cpp
The daemon has been stopped
COMMAND_RC[ros2_daemon_stop_before]=0
ROS2_CLI_DAEMON_NOT_RUNNING

===== ETH0 NEIGHBORS =====
114.114.114.114  FAILED
192.168.123.99 lladdr a8:2b:dd:0a:63:91 REACHABLE
8.8.8.8  FAILED
192.168.123.161 lladdr ae:ca:9a:e6:fb:70 REACHABLE
COMMAND_RC[ip_neigh_eth0]=0

===== LOCAL H2 MESSAGE SUPPORT =====
/home/unitree/graph_pid_ws/install
COMMAND_RC[pkg_unitree_api]=0
RequestHeader header
	RequestIdentity identity
		int64 id
		int64 api_id
	RequestLease lease
		int64 id
	RequestPolicy policy
		int32 priority
		bool noreply
string parameter
uint8[] binary
COMMAND_RC[interface_unitree_api_request]=0
ResponseHeader header
	RequestIdentity identity
		int64 id
		int64 api_id
	ResponseStatus status
		int32 code
string data
uint8[] binary
COMMAND_RC[interface_unitree_api_response]=0
Package not found
COMMAND_RC[pkg_unitree_hg]=1
Unknown package 'unitree_hg'
COMMAND_RC[interface_unitree_hg_lowstate]=1
Unknown package 'unitree_hg'
COMMAND_RC[interface_unitree_hg_imustate]=1
Unknown package 'unitree_hg'
COMMAND_RC[interface_unitree_hg_bmsstate]=1

===== H2/HG TYPE AND SDK2 ARTIFACTS =====
/home/unitree/graph_pid_ws/install/share/unitree_go/msg/IMUState.msg
/home/unitree/graph_pid_ws/install/share/unitree_go/msg/BmsState.msg
/home/unitree/graph_pid_ws/install/share/unitree_go/msg/LowState.msg
/home/unitree/graph_pid_ws/install/share/unitree_interfaces/msg/BmsState.msg
/opt/unitree_robotics/include/unitree/idl/hg/IMUState_.hpp
/opt/unitree_robotics/include/unitree/idl/hg/BmsState_.hpp
/opt/unitree_robotics/include/unitree/idl/hg/LowState_.hpp
/opt/unitree_robotics/include/unitree/idl/go2/IMUState_.hpp
/opt/unitree_robotics/include/unitree/idl/go2/BmsState_.hpp
/opt/unitree_robotics/include/unitree/idl/go2/LowState_.hpp
/unitree/ota/backup/module/slam_nav/1.0.1.3/module/slam_nav/file/home/unitree/graph_pid_ws/install/share/unitree_go/msg/IMUState.msg
/unitree/ota/backup/module/slam_nav/1.0.1.3/module/slam_nav/file/home/unitree/graph_pid_ws/install/share/unitree_go/msg/BmsState.msg
/unitree/ota/backup/module/slam_nav/1.0.1.3/module/slam_nav/file/home/unitree/graph_pid_ws/install/share/unitree_go/msg/LowState.msg
/unitree/ota/backup/module/slam_nav/1.0.1.3/module/slam_nav/file/home/unitree/graph_pid_ws/install/share/unitree_interfaces/msg/BmsState.msg
/unitree/opt/include/unitree/idl/go2/IMUState_.hpp
/unitree/opt/include/unitree/idl/go2/BmsState_.hpp
/unitree/opt/include/unitree/idl/go2/LowState_.hpp
COMMAND_RC[find_h2_hg_artifacts]=0

--- /opt/unitree_robotics/lib/libunitree_sdk2.a ---
-rw-r--r-- 1 root root 27362488 11月 27  2024 /opt/unitree_robotics/lib/libunitree_sdk2.a
resolved=/opt/unitree_robotics/lib/libunitree_sdk2.a
/opt/unitree_robotics/lib/libunitree_sdk2.a: current ar archive
e436eedf0d81e9efa10b039f8151743f46547535a99790ed19ddacc105098cd4  /opt/unitree_robotics/lib/libunitree_sdk2.a

--- /unitree/opt/lib/libddsc.so.0 ---
lrwxrwxrwx 1 root root 10 11月 27  2024 /unitree/opt/lib/libddsc.so.0 -> libddsc.so
resolved=/unitree/opt/lib/libddsc.so
/unitree/opt/lib/libddsc.so: ELF 64-bit LSB shared object, x86-64, version 1 (SYSV), dynamically linked, BuildID[sha1]=c177db9bdd3c37553863f3cff702bf3082710cb1, with debug_info, not stripped
4038630c231412f7b34a2ea60df192bbdebd0a57f22ac7f35c1b6d28323e695c  /unitree/opt/lib/libddsc.so

--- /unitree/opt/lib/libddscxx.so.0 ---
lrwxrwxrwx 1 root root 12 11月 27  2024 /unitree/opt/lib/libddscxx.so.0 -> libddscxx.so
resolved=/unitree/opt/lib/libddscxx.so
/unitree/opt/lib/libddscxx.so: ELF 64-bit LSB shared object, x86-64, version 1 (GNU/Linux), dynamically linked, BuildID[sha1]=e6a2ab66e77dc927b9f094ff8e1b22344ff72abd, not stripped
d3e7c1b03123c2745839f2465041777ded090ad66d62f1372949209254f7ebe5  /unitree/opt/lib/libddscxx.so

--- /opt/unitree_robotics/lib/libddsc.so.0 ---
lrwxrwxrwx 1 root root 10 10月 29  2024 /opt/unitree_robotics/lib/libddsc.so.0 -> libddsc.so
resolved=/opt/unitree_robotics/lib/libddsc.so
/opt/unitree_robotics/lib/libddsc.so: ELF 64-bit LSB shared object, x86-64, version 1 (SYSV), dynamically linked, BuildID[sha1]=c177db9bdd3c37553863f3cff702bf3082710cb1, with debug_info, not stripped
4038630c231412f7b34a2ea60df192bbdebd0a57f22ac7f35c1b6d28323e695c  /opt/unitree_robotics/lib/libddsc.so

--- /opt/unitree_robotics/lib/libddscxx.so.0 ---
lrwxrwxrwx 1 root root 12 10月 29  2024 /opt/unitree_robotics/lib/libddscxx.so.0 -> libddscxx.so
resolved=/opt/unitree_robotics/lib/libddscxx.so
/opt/unitree_robotics/lib/libddscxx.so: ELF 64-bit LSB shared object, x86-64, version 1 (GNU/Linux), dynamically linked, BuildID[sha1]=e6a2ab66e77dc927b9f094ff8e1b22344ff72abd, not stripped
d3e7c1b03123c2745839f2465041777ded090ad66d62f1372949209254f7ebe5  /opt/unitree_robotics/lib/libddscxx.so

===== SELECTED TOPIC ENDPOINTS AND QOS =====

--- /api/sport/request ---
Type: unitree_api/msg/Request

Publisher count: 4

Node name: _CREATED_BY_BARE_DDS_APP_
Node namespace: _CREATED_BY_BARE_DDS_APP_
Topic type: unitree_api/msg/Request
Endpoint type: PUBLISHER
GID: 01.10.7e.10.6a.ce.ba.f5.8a.b2.d1.86.00.00.1b.03.00.00.00.00.00.00.00.00
QoS profile:
  Reliability: RELIABLE
  History (Depth): KEEP_LAST (1)
  Durability: VOLATILE
  Lifespan: Infinite
  Deadline: Infinite
  Liveliness: AUTOMATIC
  Liveliness lease duration: Infinite

Node name: _CREATED_BY_BARE_DDS_APP_
Node namespace: _CREATED_BY_BARE_DDS_APP_
Topic type: unitree_api/msg/Request
Endpoint type: PUBLISHER
GID: 01.10.86.31.3d.5b.fd.58.d4.90.01.25.00.00.08.03.00.00.00.00.00.00.00.00
QoS profile:
  Reliability: RELIABLE
  History (Depth): KEEP_LAST (1)
  Durability: VOLATILE
  Lifespan: Infinite
  Deadline: Infinite
  Liveliness: AUTOMATIC
  Liveliness lease duration: Infinite

Node name: _CREATED_BY_BARE_DDS_APP_
Node namespace: _CREATED_BY_BARE_DDS_APP_
Topic type: unitree_api/msg/Request
Endpoint type: PUBLISHER
GID: 01.10.88.f7.17.85.2d.d6.a8.7c.0c.f8.00.00.22.03.00.00.00.00.00.00.00.00
QoS profile:
  Reliability: RELIABLE
  History (Depth): KEEP_LAST (1)
  Durability: VOLATILE
  Lifespan: Infinite
  Deadline: Infinite
  Liveliness: AUTOMATIC
  Liveliness lease duration: Infinite

Node name: _CREATED_BY_BARE_DDS_APP_
Node namespace: _CREATED_BY_BARE_DDS_APP_
Topic type: unitree_api/msg/Request
Endpoint type: PUBLISHER
GID: 01.10.f1.b4.15.76.5c.5a.6a.88.97.77.00.00.06.03.00.00.00.00.00.00.00.00
QoS profile:
  Reliability: RELIABLE
  History (Depth): KEEP_LAST (1)
  Durability: TRANSIENT_LOCAL
  Lifespan: Infinite
  Deadline: Infinite
  Liveliness: AUTOMATIC
  Liveliness lease duration: Infinite

Subscription count: 1

Node name: _CREATED_BY_BARE_DDS_APP_
Node namespace: _CREATED_BY_BARE_DDS_APP_
Topic type: unitree_api/msg/Request
Endpoint type: SUBSCRIPTION
GID: 01.10.57.65.e1.b0.34.38.00.2c.88.dc.00.00.04.04.00.00.00.00.00.00.00.00
QoS profile:
  Reliability: BEST_EFFORT
  History (Depth): KEEP_LAST (1)
  Durability: VOLATILE
  Lifespan: Infinite
  Deadline: Infinite
  Liveliness: AUTOMATIC
  Liveliness lease duration: Infinite

COMMAND_RC[topic_info:/api/sport/request]=0

--- /api/sport/response ---
Type: unitree_api/msg/Response

Publisher count: 1

Node name: _CREATED_BY_BARE_DDS_APP_
Node namespace: _CREATED_BY_BARE_DDS_APP_
Topic type: unitree_api/msg/Response
Endpoint type: PUBLISHER
GID: 01.10.57.65.e1.b0.34.38.00.2c.88.dc.00.00.02.03.00.00.00.00.00.00.00.00
QoS profile:
  Reliability: RELIABLE
  History (Depth): KEEP_LAST (1)
  Durability: VOLATILE
  Lifespan: Infinite
  Deadline: Infinite
  Liveliness: AUTOMATIC
  Liveliness lease duration: Infinite

Subscription count: 4

Node name: _CREATED_BY_BARE_DDS_APP_
Node namespace: _CREATED_BY_BARE_DDS_APP_
Topic type: unitree_api/msg/Response
Endpoint type: SUBSCRIPTION
GID: 01.10.7e.10.6a.ce.ba.f5.8a.b2.d1.86.00.00.19.04.00.00.00.00.00.00.00.00
QoS profile:
  Reliability: BEST_EFFORT
  History (Depth): KEEP_LAST (1)
  Durability: VOLATILE
  Lifespan: Infinite
  Deadline: Infinite
  Liveliness: AUTOMATIC
  Liveliness lease duration: Infinite

Node name: _CREATED_BY_BARE_DDS_APP_
Node namespace: _CREATED_BY_BARE_DDS_APP_
Topic type: unitree_api/msg/Response
Endpoint type: SUBSCRIPTION
GID: 01.10.86.31.3d.5b.fd.58.d4.90.01.25.00.00.0a.04.00.00.00.00.00.00.00.00
QoS profile:
  Reliability: BEST_EFFORT
  History (Depth): KEEP_LAST (1)
  Durability: VOLATILE
  Lifespan: Infinite
  Deadline: Infinite
  Liveliness: AUTOMATIC
  Liveliness lease duration: Infinite

Node name: _CREATED_BY_BARE_DDS_APP_
Node namespace: _CREATED_BY_BARE_DDS_APP_
Topic type: unitree_api/msg/Response
Endpoint type: SUBSCRIPTION
GID: 01.10.88.f7.17.85.2d.d6.a8.7c.0c.f8.00.00.5a.04.00.00.00.00.00.00.00.00
QoS profile:
  Reliability: RELIABLE
  History (Depth): KEEP_LAST (1)
  Durability: VOLATILE
  Lifespan: Infinite
  Deadline: Infinite
  Liveliness: AUTOMATIC
  Liveliness lease duration: Infinite

Node name: _CREATED_BY_BARE_DDS_APP_
Node namespace: _CREATED_BY_BARE_DDS_APP_
Topic type: unitree_api/msg/Response
Endpoint type: SUBSCRIPTION
GID: 01.10.f1.b4.15.76.5c.5a.6a.88.97.77.00.00.08.04.00.00.00.00.00.00.00.00
QoS profile:
  Reliability: BEST_EFFORT
  History (Depth): KEEP_LAST (1)
  Durability: VOLATILE
  Lifespan: Infinite
  Deadline: Infinite
  Liveliness: AUTOMATIC
  Liveliness lease duration: Infinite

COMMAND_RC[topic_info:/api/sport/response]=0

--- /lf/lowstate ---
Type: ['unitree_go/msg/LowState', 'unitree_hg/msg/LowState']

Publisher count: 1

Node name: _CREATED_BY_BARE_DDS_APP_
Node namespace: _CREATED_BY_BARE_DDS_APP_
Topic type: unitree_hg/msg/LowState
Endpoint type: PUBLISHER
GID: 01.10.e8.c9.b4.36.2a.70.ac.1c.e9.88.00.00.06.03.00.00.00.00.00.00.00.00
QoS profile:
  Reliability: RELIABLE
  History (Depth): KEEP_LAST (1)
  Durability: VOLATILE
  Lifespan: Infinite
  Deadline: Infinite
  Liveliness: AUTOMATIC
  Liveliness lease duration: Infinite

Subscription count: 3

Node name: _CREATED_BY_BARE_DDS_APP_
Node namespace: _CREATED_BY_BARE_DDS_APP_
Topic type: unitree_hg/msg/LowState
Endpoint type: SUBSCRIPTION
GID: 01.10.88.f7.17.85.2d.d6.a8.7c.0c.f8.00.00.44.04.00.00.00.00.00.00.00.00
QoS profile:
  Reliability: RELIABLE
  History (Depth): KEEP_LAST (1)
  Durability: VOLATILE
  Lifespan: Infinite
  Deadline: Infinite
  Liveliness: AUTOMATIC
  Liveliness lease duration: Infinite

Node name: _CREATED_BY_BARE_DDS_APP_
Node namespace: _CREATED_BY_BARE_DDS_APP_
Topic type: unitree_hg/msg/LowState
Endpoint type: SUBSCRIPTION
GID: 01.10.ce.13.d5.40.af.61.bb.18.cc.4f.00.00.02.04.00.00.00.00.00.00.00.00
QoS profile:
  Reliability: BEST_EFFORT
  History (Depth): KEEP_LAST (1)
  Durability: VOLATILE
  Lifespan: Infinite
  Deadline: Infinite
  Liveliness: AUTOMATIC
  Liveliness lease duration: Infinite

Node name: bms_ctr_node
Node namespace: /
Topic type: unitree_go/msg/LowState
Endpoint type: SUBSCRIPTION
GID: 01.10.e0.3a.4c.cb.ec.35.e2.07.4f.91.00.00.19.04.00.00.00.00.00.00.00.00
QoS profile:
  Reliability: RELIABLE
  History (Depth): KEEP_LAST (10)
  Durability: VOLATILE
  Lifespan: Infinite
  Deadline: Infinite
  Liveliness: AUTOMATIC
  Liveliness lease duration: Infinite

COMMAND_RC[topic_info:/lf/lowstate]=0

--- /lowstate_raw ---
Type: unitree_hg/msg/LowState

Publisher count: 1

Node name: _CREATED_BY_BARE_DDS_APP_
Node namespace: _CREATED_BY_BARE_DDS_APP_
Topic type: unitree_hg/msg/LowState
Endpoint type: PUBLISHER
GID: 01.10.e8.c9.b4.36.2a.70.ac.1c.e9.88.00.00.04.03.00.00.00.00.00.00.00.00
QoS profile:
  Reliability: RELIABLE
  History (Depth): KEEP_LAST (1)
  Durability: VOLATILE
  Lifespan: Infinite
  Deadline: Infinite
  Liveliness: AUTOMATIC
  Liveliness lease duration: Infinite

Subscription count: 0

COMMAND_RC[topic_info:/lowstate_raw]=0

--- /lf/secondary_imu ---
Type: unitree_hg/msg/IMUState

Publisher count: 1

Node name: _CREATED_BY_BARE_DDS_APP_
Node namespace: _CREATED_BY_BARE_DDS_APP_
Topic type: unitree_hg/msg/IMUState
Endpoint type: PUBLISHER
GID: 01.10.e8.c9.b4.36.2a.70.ac.1c.e9.88.00.00.12.03.00.00.00.00.00.00.00.00
QoS profile:
  Reliability: RELIABLE
  History (Depth): KEEP_LAST (1)
  Durability: VOLATILE
  Lifespan: Infinite
  Deadline: Infinite
  Liveliness: AUTOMATIC
  Liveliness lease duration: Infinite

Subscription count: 1

Node name: _CREATED_BY_BARE_DDS_APP_
Node namespace: _CREATED_BY_BARE_DDS_APP_
Topic type: unitree_hg/msg/IMUState
Endpoint type: SUBSCRIPTION
GID: 01.10.88.f7.17.85.2d.d6.a8.7c.0c.f8.00.00.4e.04.00.00.00.00.00.00.00.00
QoS profile:
  Reliability: RELIABLE
  History (Depth): KEEP_LAST (1)
  Durability: VOLATILE
  Lifespan: Infinite
  Deadline: Infinite
  Liveliness: AUTOMATIC
  Liveliness lease duration: Infinite

COMMAND_RC[topic_info:/lf/secondary_imu]=0

--- /secondary_imu ---
Type: unitree_hg/msg/IMUState

Publisher count: 1

Node name: _CREATED_BY_BARE_DDS_APP_
Node namespace: _CREATED_BY_BARE_DDS_APP_
Topic type: unitree_hg/msg/IMUState
Endpoint type: PUBLISHER
GID: 01.10.e8.c9.b4.36.2a.70.ac.1c.e9.88.00.00.10.03.00.00.00.00.00.00.00.00
QoS profile:
  Reliability: RELIABLE
  History (Depth): KEEP_LAST (1)
  Durability: VOLATILE
  Lifespan: Infinite
  Deadline: Infinite
  Liveliness: AUTOMATIC
  Liveliness lease duration: Infinite

Subscription count: 1

Node name: _CREATED_BY_BARE_DDS_APP_
Node namespace: _CREATED_BY_BARE_DDS_APP_
Topic type: unitree_hg/msg/IMUState
Endpoint type: SUBSCRIPTION
GID: 01.10.57.65.a2.fb.f5.e0.bf.cf.30.8b.00.00.04.04.00.00.00.00.00.00.00.00
QoS profile:
  Reliability: BEST_EFFORT
  History (Depth): KEEP_LAST (1)
  Durability: VOLATILE
  Lifespan: Infinite
  Deadline: Infinite
  Liveliness: AUTOMATIC
  Liveliness lease duration: Infinite

COMMAND_RC[topic_info:/secondary_imu]=0

--- /lf/bmsstate ---
Type: unitree_hg/msg/BmsState

Publisher count: 1

Node name: _CREATED_BY_BARE_DDS_APP_
Node namespace: _CREATED_BY_BARE_DDS_APP_
Topic type: unitree_hg/msg/BmsState
Endpoint type: PUBLISHER
GID: 01.10.e8.c9.b4.36.2a.70.ac.1c.e9.88.00.00.08.03.00.00.00.00.00.00.00.00
QoS profile:
  Reliability: RELIABLE
  History (Depth): KEEP_LAST (1)
  Durability: VOLATILE
  Lifespan: Infinite
  Deadline: Infinite
  Liveliness: AUTOMATIC
  Liveliness lease duration: Infinite

Subscription count: 4

Node name: _CREATED_BY_BARE_DDS_APP_
Node namespace: _CREATED_BY_BARE_DDS_APP_
Topic type: unitree_hg/msg/BmsState
Endpoint type: SUBSCRIPTION
GID: 01.10.57.65.a2.fb.f5.e0.bf.cf.30.8b.00.00.0e.04.00.00.00.00.00.00.00.00
QoS profile:
  Reliability: BEST_EFFORT
  History (Depth): KEEP_LAST (1)
  Durability: VOLATILE
  Lifespan: Infinite
  Deadline: Infinite
  Liveliness: AUTOMATIC
  Liveliness lease duration: Infinite

Node name: _CREATED_BY_BARE_DDS_APP_
Node namespace: _CREATED_BY_BARE_DDS_APP_
Topic type: unitree_hg/msg/BmsState
Endpoint type: SUBSCRIPTION
GID: 01.10.7e.10.6a.ce.ba.f5.8a.b2.d1.86.00.00.13.04.00.00.00.00.00.00.00.00
QoS profile:
  Reliability: BEST_EFFORT
  History (Depth): KEEP_LAST (1)
  Durability: VOLATILE
  Lifespan: Infinite
  Deadline: Infinite
  Liveliness: AUTOMATIC
  Liveliness lease duration: Infinite

Node name: _CREATED_BY_BARE_DDS_APP_
Node namespace: _CREATED_BY_BARE_DDS_APP_
Topic type: unitree_hg/msg/BmsState
Endpoint type: SUBSCRIPTION
GID: 01.10.88.f7.17.85.2d.d6.a8.7c.0c.f8.00.00.48.04.00.00.00.00.00.00.00.00
QoS profile:
  Reliability: RELIABLE
  History (Depth): KEEP_LAST (1)
  Durability: VOLATILE
  Lifespan: Infinite
  Deadline: Infinite
  Liveliness: AUTOMATIC
  Liveliness lease duration: Infinite

Node name: _CREATED_BY_BARE_DDS_APP_
Node namespace: _CREATED_BY_BARE_DDS_APP_
Topic type: unitree_hg/msg/BmsState
Endpoint type: SUBSCRIPTION
GID: 01.10.f1.b4.15.76.5c.5a.6a.88.97.77.00.00.0c.04.00.00.00.00.00.00.00.00
QoS profile:
  Reliability: BEST_EFFORT
  History (Depth): KEEP_LAST (1)
  Durability: VOLATILE
  Lifespan: Infinite
  Deadline: Infinite
  Liveliness: AUTOMATIC
  Liveliness lease duration: Infinite

COMMAND_RC[topic_info:/lf/bmsstate]=0

--- /lf/mainboardstate ---
Type: unitree_hg/msg/MainBoardState

Publisher count: 1

Node name: _CREATED_BY_BARE_DDS_APP_
Node namespace: _CREATED_BY_BARE_DDS_APP_
Topic type: unitree_hg/msg/MainBoardState
Endpoint type: PUBLISHER
GID: 01.10.e8.c9.b4.36.2a.70.ac.1c.e9.88.00.00.0c.03.00.00.00.00.00.00.00.00
QoS profile:
  Reliability: RELIABLE
  History (Depth): KEEP_LAST (1)
  Durability: VOLATILE
  Lifespan: Infinite
  Deadline: Infinite
  Liveliness: AUTOMATIC
  Liveliness lease duration: Infinite

Subscription count: 2

Node name: _CREATED_BY_BARE_DDS_APP_
Node namespace: _CREATED_BY_BARE_DDS_APP_
Topic type: unitree_hg/msg/MainBoardState
Endpoint type: SUBSCRIPTION
GID: 01.10.7e.10.6a.ce.ba.f5.8a.b2.d1.86.00.00.1d.04.00.00.00.00.00.00.00.00
QoS profile:
  Reliability: BEST_EFFORT
  History (Depth): KEEP_LAST (1)
  Durability: VOLATILE
  Lifespan: Infinite
  Deadline: Infinite
  Liveliness: AUTOMATIC
  Liveliness lease duration: Infinite

Node name: _CREATED_BY_BARE_DDS_APP_
Node namespace: _CREATED_BY_BARE_DDS_APP_
Topic type: unitree_hg/msg/MainBoardState
Endpoint type: SUBSCRIPTION
GID: 01.10.88.f7.17.85.2d.d6.a8.7c.0c.f8.00.00.46.04.00.00.00.00.00.00.00.00
QoS profile:
  Reliability: RELIABLE
  History (Depth): KEEP_LAST (1)
  Durability: VOLATILE
  Lifespan: Infinite
  Deadline: Infinite
  Liveliness: AUTOMATIC
  Liveliness lease duration: Infinite

COMMAND_RC[topic_info:/lf/mainboardstate]=0

--- /lf/emergency_stop ---
Type: unitree_go/msg/Error

Publisher count: 0

Subscription count: 1

Node name: _CREATED_BY_BARE_DDS_APP_
Node namespace: _CREATED_BY_BARE_DDS_APP_
Topic type: unitree_go/msg/Error
Endpoint type: SUBSCRIPTION
GID: 01.10.7e.10.6a.ce.ba.f5.8a.b2.d1.86.00.00.1f.04.00.00.00.00.00.00.00.00
QoS profile:
  Reliability: BEST_EFFORT
  History (Depth): KEEP_LAST (1)
  Durability: VOLATILE
  Lifespan: Infinite
  Deadline: Infinite
  Liveliness: AUTOMATIC
  Liveliness lease duration: Infinite

COMMAND_RC[topic_info:/lf/emergency_stop]=0

--- /sportmodestate ---
Type: ['unitree_go/msg/SportModeState', 'unitree_hg/msg/SportModeState']

Publisher count: 1

Node name: _CREATED_BY_BARE_DDS_APP_
Node namespace: _CREATED_BY_BARE_DDS_APP_
Topic type: unitree_hg/msg/SportModeState
Endpoint type: PUBLISHER
GID: 01.10.57.65.a2.fb.f5.e0.bf.cf.30.8b.00.00.14.03.00.00.00.00.00.00.00.00
QoS profile:
  Reliability: RELIABLE
  History (Depth): KEEP_LAST (1)
  Durability: VOLATILE
  Lifespan: Infinite
  Deadline: Infinite
  Liveliness: AUTOMATIC
  Liveliness lease duration: Infinite

Subscription count: 2

Node name: _CREATED_BY_BARE_DDS_APP_
Node namespace: _CREATED_BY_BARE_DDS_APP_
Topic type: unitree_go/msg/SportModeState
Endpoint type: SUBSCRIPTION
GID: 01.10.85.ef.c5.02.01.d7.3d.0a.ef.76.00.00.0a.04.00.00.00.00.00.00.00.00
QoS profile:
  Reliability: BEST_EFFORT
  History (Depth): KEEP_LAST (1)
  Durability: VOLATILE
  Lifespan: Infinite
  Deadline: Infinite
  Liveliness: AUTOMATIC
  Liveliness lease duration: Infinite

Node name: _CREATED_BY_BARE_DDS_APP_
Node namespace: _CREATED_BY_BARE_DDS_APP_
Topic type: unitree_hg/msg/SportModeState
Endpoint type: SUBSCRIPTION
GID: 01.10.f1.b4.15.76.5c.5a.6a.88.97.77.00.00.0a.04.00.00.00.00.00.00.00.00
QoS profile:
  Reliability: BEST_EFFORT
  History (Depth): KEEP_LAST (1)
  Durability: VOLATILE
  Lifespan: Infinite
  Deadline: Infinite
  Liveliness: AUTOMATIC
  Liveliness lease duration: Infinite

COMMAND_RC[topic_info:/sportmodestate]=0

--- /odommodestate ---
Type: unitree_go/msg/SportModeState

Publisher count: 1

Node name: _CREATED_BY_BARE_DDS_APP_
Node namespace: _CREATED_BY_BARE_DDS_APP_
Topic type: unitree_go/msg/SportModeState
Endpoint type: PUBLISHER
GID: 01.10.31.1c.ed.a5.6b.22.d1.5f.4b.67.00.00.04.03.00.00.00.00.00.00.00.00
QoS profile:
  Reliability: RELIABLE
  History (Depth): KEEP_LAST (1)
  Durability: VOLATILE
  Lifespan: Infinite
  Deadline: Infinite
  Liveliness: AUTOMATIC
  Liveliness lease duration: Infinite

Subscription count: 1

Node name: dog_control_pub
Node namespace: /
Topic type: unitree_go/msg/SportModeState
Endpoint type: SUBSCRIPTION
GID: 01.10.04.35.3d.fb.92.39.3c.dd.f6.cc.00.00.15.04.00.00.00.00.00.00.00.00
QoS profile:
  Reliability: RELIABLE
  History (Depth): KEEP_LAST (1)
  Durability: VOLATILE
  Lifespan: Infinite
  Deadline: Infinite
  Liveliness: AUTOMATIC
  Liveliness lease duration: Infinite

COMMAND_RC[topic_info:/odommodestate]=0

--- /dog_imu_raw ---
Type: sensor_msgs/msg/Imu

Publisher count: 1

Node name: dog_control_pub
Node namespace: /
Topic type: sensor_msgs/msg/Imu
Endpoint type: PUBLISHER
GID: 01.10.04.35.3d.fb.92.39.3c.dd.f6.cc.00.00.19.03.00.00.00.00.00.00.00.00
QoS profile:
  Reliability: RELIABLE
  History (Depth): KEEP_LAST (1000)
  Durability: VOLATILE
  Lifespan: Infinite
  Deadline: Infinite
  Liveliness: AUTOMATIC
  Liveliness lease duration: Infinite

Subscription count: 0

COMMAND_RC[topic_info:/dog_imu_raw]=0

--- /dog_odom ---
Type: nav_msgs/msg/Odometry

Publisher count: 1

Node name: dog_control_pub
Node namespace: /
Topic type: nav_msgs/msg/Odometry
Endpoint type: PUBLISHER
GID: 01.10.04.35.3d.fb.92.39.3c.dd.f6.cc.00.00.1a.03.00.00.00.00.00.00.00.00
QoS profile:
  Reliability: RELIABLE
  History (Depth): KEEP_LAST (1000)
  Durability: VOLATILE
  Lifespan: Infinite
  Deadline: Infinite
  Liveliness: AUTOMATIC
  Liveliness lease duration: Infinite

Subscription count: 0

COMMAND_RC[topic_info:/dog_odom]=0

--- /point_in_map ---
Type: sensor_msgs/msg/PointCloud2

Publisher count: 1

Node name: QtServer
Node namespace: /
Topic type: sensor_msgs/msg/PointCloud2
Endpoint type: PUBLISHER
GID: 01.10.59.4b.0f.d2.8f.8c.2e.d2.07.26.00.00.3e.03.00.00.00.00.00.00.00.00
QoS profile:
  Reliability: RELIABLE
  History (Depth): KEEP_LAST (10)
  Durability: VOLATILE
  Lifespan: Infinite
  Deadline: Infinite
  Liveliness: AUTOMATIC
  Liveliness lease duration: Infinite

Subscription count: 0

COMMAND_RC[topic_info:/point_in_map]=0

--- /tf ---
Type: tf2_msgs/msg/TFMessage

Publisher count: 1

Node name: dog_control_pub
Node namespace: /
Topic type: tf2_msgs/msg/TFMessage
Endpoint type: PUBLISHER
GID: 01.10.04.35.3d.fb.92.39.3c.dd.f6.cc.00.00.1c.03.00.00.00.00.00.00.00.00
QoS profile:
  Reliability: RELIABLE
  History (Depth): KEEP_LAST (100)
  Durability: VOLATILE
  Lifespan: Infinite
  Deadline: Infinite
  Liveliness: AUTOMATIC
  Liveliness lease duration: Infinite

Subscription count: 0

COMMAND_RC[topic_info:/tf]=0

--- /frontvideostream ---
Type: unitree_go/msg/Go2FrontVideoData

Publisher count: 0

Subscription count: 1

Node name: _CREATED_BY_BARE_DDS_APP_
Node namespace: _CREATED_BY_BARE_DDS_APP_
Topic type: unitree_go/msg/Go2FrontVideoData
Endpoint type: SUBSCRIPTION
GID: 01.10.88.f7.17.85.2d.d6.a8.7c.0c.f8.00.00.0a.04.00.00.00.00.00.00.00.00
QoS profile:
  Reliability: RELIABLE
  History (Depth): KEEP_LAST (1)
  Durability: VOLATILE
  Lifespan: Infinite
  Deadline: Infinite
  Liveliness: AUTOMATIC
  Liveliness lease duration: Infinite

COMMAND_RC[topic_info:/frontvideostream]=0

--- /lowcmd ---
Type: unitree_hg/msg/LowCmd

Publisher count: 1

Node name: _CREATED_BY_BARE_DDS_APP_
Node namespace: _CREATED_BY_BARE_DDS_APP_
Topic type: unitree_hg/msg/LowCmd
Endpoint type: PUBLISHER
GID: 01.10.57.65.a2.fb.f5.e0.bf.cf.30.8b.00.00.12.03.00.00.00.00.00.00.00.00
QoS profile:
  Reliability: RELIABLE
  History (Depth): KEEP_LAST (1)
  Durability: VOLATILE
  Lifespan: Infinite
  Deadline: Infinite
  Liveliness: AUTOMATIC
  Liveliness lease duration: Infinite

Subscription count: 1

Node name: _CREATED_BY_BARE_DDS_APP_
Node namespace: _CREATED_BY_BARE_DDS_APP_
Topic type: unitree_hg/msg/LowCmd
Endpoint type: SUBSCRIPTION
GID: 01.10.e8.c9.b4.36.2a.70.ac.1c.e9.88.00.00.0e.04.00.00.00.00.00.00.00.00
QoS profile:
  Reliability: BEST_EFFORT
  History (Depth): KEEP_LAST (1)
  Durability: VOLATILE
  Lifespan: Infinite
  Deadline: Infinite
  Liveliness: AUTOMATIC
  Liveliness lease duration: Infinite

COMMAND_RC[topic_info:/lowcmd]=0

--- /arm_sdk ---
Type: unitree_hg/msg/LowCmd

Publisher count: 1

Node name: _CREATED_BY_BARE_DDS_APP_
Node namespace: _CREATED_BY_BARE_DDS_APP_
Topic type: unitree_hg/msg/LowCmd
Endpoint type: PUBLISHER
GID: 01.10.f1.b4.15.76.5c.5a.6a.88.97.77.00.00.04.03.00.00.00.00.00.00.00.00
QoS profile:
  Reliability: RELIABLE
  History (Depth): KEEP_LAST (1)
  Durability: VOLATILE
  Lifespan: Infinite
  Deadline: Infinite
  Liveliness: AUTOMATIC
  Liveliness lease duration: Infinite

Subscription count: 2

Node name: _CREATED_BY_BARE_DDS_APP_
Node namespace: _CREATED_BY_BARE_DDS_APP_
Topic type: unitree_hg/msg/LowCmd
Endpoint type: SUBSCRIPTION
GID: 01.10.57.65.a2.fb.f5.e0.bf.cf.30.8b.00.00.08.04.00.00.00.00.00.00.00.00
QoS profile:
  Reliability: BEST_EFFORT
  History (Depth): KEEP_LAST (1)
  Durability: VOLATILE
  Lifespan: Infinite
  Deadline: Infinite
  Liveliness: AUTOMATIC
  Liveliness lease duration: Infinite

Node name: _CREATED_BY_BARE_DDS_APP_
Node namespace: _CREATED_BY_BARE_DDS_APP_
Topic type: unitree_hg/msg/LowCmd
Endpoint type: SUBSCRIPTION
GID: 01.10.f1.b4.15.76.5c.5a.6a.88.97.77.00.00.13.04.00.00.00.00.00.00.00.00
QoS profile:
  Reliability: BEST_EFFORT
  History (Depth): KEEP_LAST (1)
  Durability: VOLATILE
  Lifespan: Infinite
  Deadline: Infinite
  Liveliness: AUTOMATIC
  Liveliness lease duration: Infinite

COMMAND_RC[topic_info:/arm_sdk]=0

===== STANDARD TOPIC RECEIVE RATES =====

--- /dog_imu_raw ---
average rate: 499.807
	min: 0.001s max: 0.003s std dev: 0.00016s window: 50
average rate: 500.302
	min: 0.002s max: 0.002s std dev: 0.00006s window: 50
average rate: 499.693
	min: 0.002s max: 0.002s std dev: 0.00009s window: 50
average rate: 500.625
	min: 0.002s max: 0.002s std dev: 0.00004s window: 50
average rate: 499.555
	min: 0.002s max: 0.002s std dev: 0.00010s window: 50
average rate: 500.786
	min: 0.001s max: 0.003s std dev: 0.00015s window: 50
average rate: 499.456
	min: 0.002s max: 0.002s std dev: 0.00009s window: 50
average rate: 500.285
	min: 0.000s max: 0.004s std dev: 0.00036s window: 50
average rate: 499.744
	min: 0.002s max: 0.002s std dev: 0.00009s window: 50
COMMAND_RC[topic_hz:/dog_imu_raw]=124

--- /dog_odom ---
average rate: 499.279
	min: 0.002s max: 0.002s std dev: 0.00010s window: 50
average rate: 500.398
	min: 0.002s max: 0.002s std dev: 0.00006s window: 50
average rate: 499.884
	min: 0.002s max: 0.002s std dev: 0.00004s window: 50
average rate: 499.841
	min: 0.002s max: 0.002s std dev: 0.00008s window: 50
average rate: 499.745
	min: 0.001s max: 0.003s std dev: 0.00023s window: 50
average rate: 500.937
	min: 0.002s max: 0.002s std dev: 0.00009s window: 50
average rate: 489.813
	min: 0.001s max: 0.006s std dev: 0.00060s window: 50
average rate: 498.838
	min: 0.002s max: 0.002s std dev: 0.00007s window: 50
average rate: 501.263
	min: 0.002s max: 0.002s std dev: 0.00007s window: 50
COMMAND_RC[topic_hz:/dog_odom]=124

--- /point_in_map ---
COMMAND_RC[topic_hz:/point_in_map]=124

--- /tf ---
COMMAND_RC[topic_hz:/tf]=124

===== STANDARD IMU SAMPLE =====
header:
  stamp:
    sec: 1784174274
    nanosec: 172573001
  frame_id: dog_imu_link
orientation:
  x: 0.018588006496429443
  y: -0.08977639675140381
  z: 0.04889415577054024
  w: 0.9945874214172363
orientation_covariance:
- 0.0
- 0.0
- 0.0
- 0.0
- 0.0
- 0.0
- 0.0
- 0.0
- 0.0
angular_velocity:
  x: 0.0
  y: 0.0
  z: 0.0
angular_velocity_covariance:
- 0.0
- 0.0
- 0.0
- 0.0
- 0.0
- 0.0
- 0.0
- 0.0
- 0.0
linear_acceleration:
  x: 0.0
  y: 0.0
  z: 0.0
linear_acceleration_covariance:
- 0.0011471854522824287
- -0.0009878921555355191
- 0.0053263213485479355
- 0.0
- 0.0
- 0.0
- 0.0
- 0.0
- 0.0
---
COMMAND_RC[topic_echo:/dog_imu_raw]=0

===== STANDARD ODOMETRY SAMPLE =====
header:
  stamp:
    sec: 1784174279
    nanosec: 638500006
  frame_id: odom
child_frame_id: robot_center
pose:
  pose:
    position:
      x: 10.022192001342773
      y: -9.888657569885254
      z: 1.0028891563415527
    orientation:
      x: 0.018694616854190826
      y: -0.08954490721225739
      z: 0.049258165061473846
      w: 0.9945883750915527
  covariance:
  - 0.0
  - 0.0
  - 0.0
  - 0.0
  - 0.0
  - 0.0
  - 0.0
  - 0.0
  - 0.0
  - 0.0
  - 0.0
  - 0.0
  - 0.0
  - 0.0
  - 0.0
  - 0.0
  - 0.0
  - 0.0
  - 0.0
  - 0.0
  - 0.0
  - 0.0
  - 0.0
  - 0.0
  - 0.0
  - 0.0
  - 0.0
  - 0.0
  - 0.0
  - 0.0
  - 0.0
  - 0.0
  - 0.0
  - 0.0
  - 0.0
  - 0.0
twist:
  twist:
    linear:
      x: 0.0011664916528388858
      y: -0.0011413029860705137
      z: -0.000886764784809202
    angular:
      x: 0.0
      y: 0.0
      z: -0.0021305286791175604
  covariance:
  - 0.0
  - 0.0
  - 0.0
  - 0.0
  - 0.0
  - 0.0
  - 0.0
  - 0.0
  - 0.0
  - 0.0
  - 0.0
  - 0.0
  - 0.0
  - 0.0
  - 0.0
  - 0.0
  - 0.0
  - 0.0
  - 0.0
  - 0.0
  - 0.0
  - 0.0
  - 0.0
  - 0.0
  - 0.0
  - 0.0
  - 0.0
  - 0.0
  - 0.0
  - 0.0
  - 0.0
  - 0.0
  - 0.0
  - 0.0
  - 0.0
  - 0.0
---
COMMAND_RC[topic_echo:/dog_odom]=0

===== ROS2 CLI DAEMON FINAL =====
ROS2_CLI_DAEMON_NOT_RUNNING

===== AUDIT COMPLETE =====
READ_ONLY_PC2_TOPIC_CONTRACT_AUDIT_OK
